// Vitest Snapshot v1, https://vitest.dev/guide/snapshot.html

exports[`App component > renders Magnificent Monkeys 1`] = `
<div>
  <button>
    Click me
  </button>
  <h1>
    Magnificent Monkeys
  </h1>
</div>
`;

exports[`App component > renders magneficient monkeys 1`] = `
<div>
  <button>
    Click me
  </button>
  <h1>
    Magnificent Monkeys
  </h1>
</div>
`;
